Loading composer repositories with package information
Updating dependencies
Lock file operations: 38 installs, 0 updates, 0 removals
  - Locking doctrine/instantiator (1.5.0)
  - Locking graham-campbell/result-type (v1.1.4)
  - Locking monolog/monolog (2.11.0)
  - Locking myclabs/deep-copy (1.13.4)
  - Locking nikic/php-parser (v5.7.0)
  - Locking phar-io/manifest (2.0.4)
  - Locking phar-io/version (3.2.1)
  - Locking phpmailer/phpmailer (v6.12.0)
  - Locking phpoption/phpoption (1.9.5)
  - Locking phpunit/php-code-coverage (9.2.32)
  - Locking phpunit/php-file-iterator (3.0.6)
  - Locking phpunit/php-invoker (3.1.1)
  - Locking phpunit/php-text-template (2.0.4)
  - Locking phpunit/php-timer (5.0.3)
  - Locking phpunit/phpunit (9.6.34)
  - Locking psr/log (3.0.2)
  - Locking sebastian/cli-parser (1.0.2)
  - Locking sebastian/code-unit (1.0.8)
  - Locking sebastian/code-unit-reverse-lookup (2.0.3)
  - Locking sebastian/comparator (4.0.10)
  - Locking sebastian/complexity (2.0.3)
  - Locking sebastian/diff (4.0.6)
  - Locking sebastian/environment (5.1.5)
  - Locking sebastian/exporter (4.0.8)
  - Locking sebastian/global-state (5.0.8)
  - Locking sebastian/lines-of-code (1.0.4)
  - Locking sebastian/object-enumerator (4.0.4)
  - Locking sebastian/object-reflector (2.0.4)
  - Locking sebastian/recursion-context (4.0.6)
  - Locking sebastian/resource-operations (3.0.4)
  - Locking sebastian/type (3.2.1)
  - Locking sebastian/version (3.0.2)
  - Locking symfony/polyfill-ctype (v1.36.0)
  - Locking symfony/polyfill-mbstring (v1.36.0)
  - Locking symfony/polyfill-php80 (v1.36.0)
  - Locking theseer/tokenizer (1.3.1)
  - Locking twilio/sdk (7.16.2)
  - Locking vlucas/phpdotenv (v5.6.3)
Writing lock file
Installing dependencies from lock file (including require-dev)
Package operations: 38 installs, 0 updates, 0 removals
  - Downloading monolog/monolog (2.11.0)
  - Downloading symfony/polyfill-ctype (v1.36.0)
  - Downloading sebastian/comparator (4.0.10)
  - Downloading theseer/tokenizer (1.3.1)
  - Downloading nikic/php-parser (v5.7.0)
  - Downloading symfony/polyfill-mbstring (v1.36.0)
  - Downloading phpunit/phpunit (9.6.34)
  - Downloading twilio/sdk (7.16.2)
  - Downloading symfony/polyfill-php80 (v1.36.0)
  - Downloading phpoption/phpoption (1.9.5)
  - Downloading graham-campbell/result-type (v1.1.4)
  - Downloading vlucas/phpdotenv (v5.6.3)
  0/12 [>---------------------------]   0%
  2/12 [====>-----------------------]  16%
  6/12 [==============>-------------]  50%
  8/12 [==================>---------]  66%
  9/12 [=====================>------]  75%
 11/12 [=========================>--]  91%
 12/12 [============================] 100%
  - Installing psr/log (3.0.2): Extracting archive
  - Installing monolog/monolog (2.11.0): Extracting archive
  - Installing symfony/polyfill-ctype (v1.36.0): Extracting archive
  - Installing phpmailer/phpmailer (v6.12.0): Extracting archive
  - Installing sebastian/version (3.0.2): Extracting archive
  - Installing sebastian/type (3.2.1): Extracting archive
  - Installing sebastian/resource-operations (3.0.4): Extracting archive
  - Installing sebastian/recursion-context (4.0.6): Extracting archive
  - Installing sebastian/object-reflector (2.0.4): Extracting archive
  - Installing sebastian/object-enumerator (4.0.4): Extracting archive
  - Installing sebastian/global-state (5.0.8): Extracting archive
  - Installing sebastian/exporter (4.0.8): Extracting archive
  - Installing sebastian/environment (5.1.5): Extracting archive
  - Installing sebastian/diff (4.0.6): Extracting archive
  - Installing sebastian/comparator (4.0.10): Extracting archive
  - Installing sebastian/code-unit (1.0.8): Extracting archive
  - Installing sebastian/cli-parser (1.0.2): Extracting archive
  - Installing phpunit/php-timer (5.0.3): Extracting archive
  - Installing phpunit/php-text-template (2.0.4): Extracting archive
  - Installing phpunit/php-invoker (3.1.1): Extracting archive
  - Installing phpunit/php-file-iterator (3.0.6): Extracting archive
  - Installing theseer/tokenizer (1.3.1): Extracting archive
  - Installing nikic/php-parser (v5.7.0): Extracting archive
  - Installing sebastian/lines-of-code (1.0.4): Extracting archive
  - Installing sebastian/complexity (2.0.3): Extracting archive
  - Installing sebastian/code-unit-reverse-lookup (2.0.3): Extracting archive
  - Installing phpunit/php-code-coverage (9.2.32): Extracting archive
  - Installing phar-io/version (3.2.1): Extracting archive
  - Installing phar-io/manifest (2.0.4): Extracting archive
  - Installing myclabs/deep-copy (1.13.4): Extracting archive
  - Installing symfony/polyfill-mbstring (v1.36.0): Extracting archive
  - Installing doctrine/instantiator (1.5.0): Extracting archive
  - Installing phpunit/phpunit (9.6.34): Extracting archive
  - Installing twilio/sdk (7.16.2): Extracting archive
  - Installing symfony/polyfill-php80 (v1.36.0): Extracting archive
  - Installing phpoption/phpoption (1.9.5): Extracting archive
  - Installing graham-campbell/result-type (v1.1.4): Extracting archive
  - Installing vlucas/phpdotenv (v5.6.3): Extracting archive
  0/38 [>---------------------------]   0%
  9/38 [======>---------------------]  23%
 19/38 [==============>-------------]  50%
 26/38 [===================>--------]  68%
 29/38 [=====================>------]  76%
 34/38 [=========================>--]  89%
 36/38 [==========================>-]  94%
 37/38 [===========================>]  97%
 38/38 [============================] 100%
24 package suggestions were added by new dependencies, use `composer suggest` to see details.
Generating autoload files
34 packages you are using are looking for funding.
Use the `composer fund` command to find out more!
No security vulnerability advisories found.
