[2026-04-27 11:50:57] app.ERROR: Uncaught Exception: syntax error, unexpected token "public", expecting end of file in D:\xampp\htdocs\wallet\app\Services\AuthService.php:214 {"trace":"#0 D:\\xampp\\htdocs\\wallet\\vendor\\composer\\ClassLoader.php(427): Composer\\Autoload\\{closure}('D:\\\\xampp\\\\htdocs...')
#1 D:\\xampp\\htdocs\\wallet\\test_login_register.php(88): Composer\\Autoload\\ClassLoader->loadClass('NepalPay\\\\Servic...')
#2 {main}","class":"ParseError"} 
[2026-04-27 11:51:34] app.ERROR: Rate limit reset failed {"error":"SQLSTATE[42S02]: Base table or view not found: 1146 Table 'wallet.rate_limits' doesn't exist"} 
[2026-04-27 11:51:34] app.ERROR: [Warning] session_name(): Session name cannot be changed after headers have already been sent in D:\xampp\htdocs\wallet\app\helpers\session.php:15  
[2026-04-27 11:51:34] app.ERROR: [Warning] session_set_cookie_params(): Session cookie parameters cannot be changed after headers have already been sent in D:\xampp\htdocs\wallet\app\helpers\session.php:26  
[2026-04-27 11:51:34] app.ERROR: [Warning] session_start(): Session cannot be started after headers have already been sent in D:\xampp\htdocs\wallet\app\helpers\session.php:29  
[2026-04-27 11:51:34] app.ERROR: [Warning] session_name(): Session name cannot be changed after headers have already been sent in D:\xampp\htdocs\wallet\app\helpers\session.php:15  
[2026-04-27 11:51:34] app.ERROR: [Warning] session_set_cookie_params(): Session cookie parameters cannot be changed after headers have already been sent in D:\xampp\htdocs\wallet\app\helpers\session.php:26  
[2026-04-27 11:51:34] app.ERROR: [Warning] session_start(): Session cannot be started after headers have already been sent in D:\xampp\htdocs\wallet\app\helpers\session.php:29  
[2026-04-27 11:51:34] app.ERROR: [Warning] session_name(): Session name cannot be changed after headers have already been sent in D:\xampp\htdocs\wallet\app\helpers\session.php:15  
[2026-04-27 11:51:34] app.ERROR: [Warning] session_set_cookie_params(): Session cookie parameters cannot be changed after headers have already been sent in D:\xampp\htdocs\wallet\app\helpers\session.php:26  
[2026-04-27 11:51:34] app.ERROR: [Warning] session_start(): Session cannot be started after headers have already been sent in D:\xampp\htdocs\wallet\app\helpers\session.php:29  
[2026-04-27 11:51:34] app.ERROR: [Warning] session_name(): Session name cannot be changed after headers have already been sent in D:\xampp\htdocs\wallet\app\helpers\session.php:15  
[2026-04-27 11:51:34] app.ERROR: [Warning] session_set_cookie_params(): Session cookie parameters cannot be changed after headers have already been sent in D:\xampp\htdocs\wallet\app\helpers\session.php:26  
[2026-04-27 11:51:34] app.ERROR: [Warning] session_start(): Session cannot be started after headers have already been sent in D:\xampp\htdocs\wallet\app\helpers\session.php:29  
[2026-04-27 13:02:47] app.ERROR: Rate limit reset failed {"error":"SQLSTATE[42S02]: Base table or view not found: 1146 Table 'wallet.rate_limits' doesn't exist"} 
[2026-04-27 13:37:47] app.ERROR: Uncaught Exception: Class "User" not found in D:\xampp\htdocs\wallet\app\Services\TransactionPinService.php:34 {"trace":"#0 D:\\xampp\\htdocs\\wallet\\app\\Services\\TransactionPinService.php(45): NepalPay\\Services\\TransactionPinService::isPinSet(1)
#1 D:\\xampp\\htdocs\\wallet\\app\\views\\bill\\pay.php(38): NepalPay\\Services\\TransactionPinService::isRequired(1)
#2 D:\\xampp\\htdocs\\wallet\\app\\controller\\Controller.php(99): require('D:\\\\xampp\\\\htdocs...')
#3 D:\\xampp\\htdocs\\wallet\\app\\controller\\BillController.php(37): Controller->render('bill/pay', Array)
#4 D:\\xampp\\htdocs\\wallet\\public\\index.php(194): BillController->pay()
#5 D:\\xampp\\htdocs\\wallet\\index.php(14): require('D:\\\\xampp\\\\htdocs...')
#6 {main}","class":"Error"} 
[2026-04-27 13:37:47] app.ERROR: Uncaught Exception: Class "User" not found in D:\xampp\htdocs\wallet\app\Services\TransactionPinService.php:34 {"trace":"#0 D:\\xampp\\htdocs\\wallet\\app\\Services\\TransactionPinService.php(45): NepalPay\\Services\\TransactionPinService::isPinSet(1)
#1 D:\\xampp\\htdocs\\wallet\\app\\views\\bill\\pay.php(38): NepalPay\\Services\\TransactionPinService::isRequired(1)
#2 D:\\xampp\\htdocs\\wallet\\app\\controller\\Controller.php(99): require('D:\\\\xampp\\\\htdocs...')
#3 D:\\xampp\\htdocs\\wallet\\app\\controller\\BillController.php(37): Controller->render('bill/pay', Array)
#4 D:\\xampp\\htdocs\\wallet\\public\\index.php(194): BillController->pay()
#5 D:\\xampp\\htdocs\\wallet\\index.php(14): require('D:\\\\xampp\\\\htdocs...')
#6 {main}","class":"Error"} 
[2026-04-27 13:37:47] app.ERROR: Uncaught Exception: Class "User" not found in D:\xampp\htdocs\wallet\app\Services\TransactionPinService.php:34 {"trace":"#0 D:\\xampp\\htdocs\\wallet\\app\\Services\\TransactionPinService.php(45): NepalPay\\Services\\TransactionPinService::isPinSet(1)
#1 D:\\xampp\\htdocs\\wallet\\app\\views\\bill\\pay.php(38): NepalPay\\Services\\TransactionPinService::isRequired(1)
#2 D:\\xampp\\htdocs\\wallet\\app\\controller\\Controller.php(99): require('D:\\\\xampp\\\\htdocs...')
#3 D:\\xampp\\htdocs\\wallet\\app\\controller\\BillController.php(37): Controller->render('bill/pay', Array)
#4 D:\\xampp\\htdocs\\wallet\\public\\index.php(194): BillController->pay()
#5 D:\\xampp\\htdocs\\wallet\\index.php(14): require('D:\\\\xampp\\\\htdocs...')
#6 {main}","class":"Error"} 
[2026-04-27 13:38:29] app.ERROR: Uncaught Exception: Class "User" not found in D:\xampp\htdocs\wallet\app\Services\TransactionPinService.php:34 {"trace":"#0 D:\\xampp\\htdocs\\wallet\\app\\Services\\TransactionPinService.php(45): NepalPay\\Services\\TransactionPinService::isPinSet(1)
#1 D:\\xampp\\htdocs\\wallet\\app\\views\\bill\\pay.php(38): NepalPay\\Services\\TransactionPinService::isRequired(1)
#2 D:\\xampp\\htdocs\\wallet\\app\\controller\\Controller.php(99): require('D:\\\\xampp\\\\htdocs...')
#3 D:\\xampp\\htdocs\\wallet\\app\\controller\\BillController.php(37): Controller->render('bill/pay', Array)
#4 D:\\xampp\\htdocs\\wallet\\public\\index.php(194): BillController->pay()
#5 D:\\xampp\\htdocs\\wallet\\index.php(14): require('D:\\\\xampp\\\\htdocs...')
#6 {main}","class":"Error"} 
[2026-04-27 13:38:36] app.ERROR: Uncaught Exception: Class "User" not found in D:\xampp\htdocs\wallet\app\Services\TransactionPinService.php:34 {"trace":"#0 D:\\xampp\\htdocs\\wallet\\app\\Services\\TransactionPinService.php(45): NepalPay\\Services\\TransactionPinService::isPinSet(1)
#1 D:\\xampp\\htdocs\\wallet\\app\\views\\bill\\pay.php(38): NepalPay\\Services\\TransactionPinService::isRequired(1)
#2 D:\\xampp\\htdocs\\wallet\\app\\controller\\Controller.php(99): require('D:\\\\xampp\\\\htdocs...')
#3 D:\\xampp\\htdocs\\wallet\\app\\controller\\BillController.php(37): Controller->render('bill/pay', Array)
#4 D:\\xampp\\htdocs\\wallet\\public\\index.php(194): BillController->pay()
#5 D:\\xampp\\htdocs\\wallet\\index.php(14): require('D:\\\\xampp\\\\htdocs...')
#6 {main}","class":"Error"} 
[2026-04-27 13:44:22] app.ERROR: Uncaught Exception: Class "User" not found in D:\xampp\htdocs\wallet\app\Services\TransactionPinService.php:34 {"trace":"#0 D:\\xampp\\htdocs\\wallet\\app\\Services\\TransactionPinService.php(45): NepalPay\\Services\\TransactionPinService::isPinSet(1)
#1 D:\\xampp\\htdocs\\wallet\\app\\views\\bill\\pay.php(38): NepalPay\\Services\\TransactionPinService::isRequired(1)
#2 D:\\xampp\\htdocs\\wallet\\app\\controller\\Controller.php(99): require('D:\\\\xampp\\\\htdocs...')
#3 D:\\xampp\\htdocs\\wallet\\app\\controller\\BillController.php(37): Controller->render('bill/pay', Array)
#4 D:\\xampp\\htdocs\\wallet\\public\\index.php(194): BillController->pay()
#5 D:\\xampp\\htdocs\\wallet\\index.php(14): require('D:\\\\xampp\\\\htdocs...')
#6 {main}","class":"Error"} 
[2026-04-27 14:35:01] app.ERROR: Rate limit reset failed {"error":"SQLSTATE[42S02]: Base table or view not found: 1146 Table 'wallet.rate_limits' doesn't exist"} 
[2026-04-27 14:35:18] app.ERROR: Uncaught Exception: Class "TransactionPinService" not found in D:\xampp\htdocs\wallet\app\controller\BillController.php:49 {"trace":"#0 D:\\xampp\\htdocs\\wallet\\public\\index.php(194): BillController->pay()
#1 D:\\xampp\\htdocs\\wallet\\index.php(14): require('D:\\\\xampp\\\\htdocs...')
#2 {main}","class":"Error"} 
[2026-04-27 14:35:37] app.ERROR: Uncaught Exception: Class "TransactionPinService" not found in D:\xampp\htdocs\wallet\app\controller\BillController.php:49 {"trace":"#0 D:\\xampp\\htdocs\\wallet\\public\\index.php(194): BillController->pay()
#1 D:\\xampp\\htdocs\\wallet\\index.php(14): require('D:\\\\xampp\\\\htdocs...')
#2 {main}","class":"Error"} 
[2026-04-27 14:36:27] app.ERROR: Uncaught Exception: Class "TransactionPinService" not found in D:\xampp\htdocs\wallet\app\controller\BillController.php:49 {"trace":"#0 D:\\xampp\\htdocs\\wallet\\public\\index.php(194): BillController->pay()
#1 D:\\xampp\\htdocs\\wallet\\index.php(14): require('D:\\\\xampp\\\\htdocs...')
#2 {main}","class":"Error"} 
[2026-04-28 06:21:31] app.ERROR: Rate limit reset failed {"error":"SQLSTATE[42S02]: Base table or view not found: 1146 Table 'wallet.rate_limits' doesn't exist"} 
[2026-04-28 06:21:42] app.ERROR: Uncaught Exception: Class "TransactionPinService" not found in D:\xampp\htdocs\wallet\app\controller\BillController.php:49 {"trace":"#0 D:\\xampp\\htdocs\\wallet\\public\\index.php(194): BillController->pay()
#1 D:\\xampp\\htdocs\\wallet\\index.php(14): require('D:\\\\xampp\\\\htdocs...')
#2 {main}","class":"Error"} 
[2026-04-30 10:44:50] app.ERROR: Rate limit record failed {"error":"SQLSTATE[42S02]: Base table or view not found: 1146 Table 'wallet.rate_limits' doesn't exist"} 
[2026-04-30 10:45:05] app.ERROR: Rate limit record failed {"error":"SQLSTATE[42S02]: Base table or view not found: 1146 Table 'wallet.rate_limits' doesn't exist"} 
[2026-04-30 10:45:39] app.ERROR: logger init test {"test":"ok"} 
[2026-04-30 10:46:16] app.ERROR: Rate limit record failed {"error":"SQLSTATE[42S02]: Base table or view not found: 1146 Table 'wallet.rate_limits' doesn't exist"} 
[2026-04-30 10:48:41] app.ERROR: Rate limit record failed {"error":"SQLSTATE[42S02]: Base table or view not found: 1146 Table 'wallet.rate_limits' doesn't exist"} 
[2026-04-30 11:32:47] app.ERROR: Rate limit reset failed {"error":"SQLSTATE[42S02]: Base table or view not found: 1146 Table 'wallet.rate_limits' doesn't exist"} 
[2026-04-30 13:29:14] app.ERROR: Rate limit reset failed {"error":"SQLSTATE[42S02]: Base table or view not found: 1146 Table 'wallet.rate_limits' doesn't exist"} 
[2026-04-30 13:29:36] app.ERROR: Rate limit record failed {"error":"SQLSTATE[42S02]: Base table or view not found: 1146 Table 'wallet.rate_limits' doesn't exist"} 
[2026-04-30 13:30:32] app.ERROR: Rate limit reset failed {"error":"SQLSTATE[42S02]: Base table or view not found: 1146 Table 'wallet.rate_limits' doesn't exist"} 
[2026-04-30 14:14:51] app.ERROR: Rate limit reset failed {"error":"SQLSTATE[42S02]: Base table or view not found: 1146 Table 'wallet.rate_limits' doesn't exist"} 
[2026-04-30 14:25:47] app.ERROR: Rate limit record failed {"error":"SQLSTATE[42S02]: Base table or view not found: 1146 Table 'wallet.rate_limits' doesn't exist"} 
[2026-04-30 14:27:13] app.ERROR: Rate limit reset failed {"error":"SQLSTATE[42S02]: Base table or view not found: 1146 Table 'wallet.rate_limits' doesn't exist"} 
